// Jest Snapshot v1, https://goo.gl/fbAQLP

exports[`Search User Component Should test snapshot 1`] = `ShallowWrapper {}`;
