// Jest Snapshot v1, https://goo.gl/fbAQLP

exports[`Repo Item Component Should test snapshot 1`] = `ShallowWrapper {}`;

exports[`Search Suggestion Component Should test snapshot 1`] = `ShallowWrapper {}`;
