// Jest Snapshot v1, https://goo.gl/fbAQLP

exports[`Header Component Should test snapshot 1`] = `ShallowWrapper {}`;
