// Jest Snapshot v1, https://goo.gl/fbAQLP

exports[`User Repo Component Should test snapshot 1`] = `ShallowWrapper {}`;
